// Jest Snapshot v1, https://goo.gl/fbAQLP

exports[`<LogoLink /> should render match snapshot 1`] = `
.c0 {
  display: -webkit-box;
  display: -webkit-flex;
  display: -ms-flexbox;
  display: flex;
  -webkit-align-items: center;
  -webkit-box-align: center;
  -ms-flex-align: center;
  align-items: center;
  -webkit-text-decoration: none;
  text-decoration: none;
  color: inherit;
  padding: 2rem;
}

.c0 > img {
  width: 15rem;
  border-radius: 50%;
}

<a
  class="c0"
  href="#target"
  target="_self"
>
  <img
    alt="OlÃ¡ mundo"
    src="image.jpg"
  />
</a>
`;
