// Jest Snapshot v1, https://goo.gl/fbAQLP

exports[`<PostCard /> should render match snapshot 1`] = `
.c3 {
  color: #2a3840;
  line-height: 1.2;
  font-size: 2.4rem;
  font-weight: 900;
  text-transform: none;
  text-align: center;
}

.c0 .c2 {
  margin: 1.6rem 0;
}

.c0 a {
  -webkit-text-decoration: none;
  text-decoration: none;
  color: inherit;
  -webkit-transition: all 300ms ease-in-out;
  transition: all 300ms ease-in-out;
}

.c0:hover a {
  color: #f24b4b;
}

.c0:hover img {
  opacity: 0.8;
}

.c1 {
  max-width: 100%;
  -webkit-transition: opacity 300ms ease-in-out;
  transition: opacity 300ms ease-in-out;
}

<div>
  <div
    class="c0"
  >
    <a
      href="/post/desenvolvimento-de-aplicativos-web-escalaveis-com-next-js"
    >
      <img
        alt="Desenvolvimento de aplicativos web escaláveis com Next.js"
        class="c1"
        src="https://res.cloudinary.com/dnhsdenji/image/upload/v1679929576/twitter_card_f0df8b6a20.png"
      />
    </a>
    <h2
      class="c2 c3"
    >
      <a
        href="/post/desenvolvimento-de-aplicativos-web-escalaveis-com-next-js"
      >
        Desenvolvimento de aplicativos web escaláveis com Next.js
      </a>
    </h2>
    <p
      class=""
    >
      Se você está procurando um framework poderoso para desenvolver aplicativos web escaláveis, o Next.js pode ser a escolha certa para você. O Next.js é um framework baseado em React que oferece recursos avançados, como renderização no lado do servidor e roteamento dinâmico, para ajudá-lo a criar aplicativos web modernos e de alto desempenho. Neste post, exploraremos as principais características do Next.js e veremos como usá-lo para construir aplicativos web escaláveis.
    </p>
  </div>
</div>
`;
