// Jest Snapshot v1, https://goo.gl/fbAQLP

exports[`<Footer /> should render 1`] = `
.c2 {
  font-size: 2.4rem;
}

.c2 p {
  margin: 4.8rem 0;
}

.c2 a {
  color: #f24b4b;
  -webkit-text-decoration: none;
  text-decoration: none;
  -webkit-transition: all 300ms ease-in-out;
  transition: all 300ms ease-in-out;
}

.c2 a:hover {
  -webkit-filter: brightness(50%);
  filter: brightness(50%);
}

.c2 pre {
  background-color: #161B22;
  color: #C9D1D9;
  padding: 2.4rem;
  font-family: monospace;
  margin: 4.8rem 0;
  border-radius: 1rem;
  width: 100%;
  overflow-x: auto;
  font-size: 1.6rem;
}

.c2 img {
  max-width: 100%;
}

.c2 .image {
  background-color: #ddd;
  line-height: 0;
  margin: 4.8rem 0;
}

.c2 .image figcaption {
  font-size: 1.6rem;
  padding: 1.6rem;
  text-align: center;
  line-height: 1.3rem;
}

.c2 .image-style-side {
  float: right;
  margin: 2.4rem;
}

.c2 hr {
  border: none;
  border-bottom: 0.1rem solid #ddd;
}

.c2 ul,
.c2 ol {
  margin: 4.8rem;
}

.c2 .table {
  width: 100%;
  overflow: hidden;
  overflow-x: auto;
}

.c2 table {
  width: 100%;
  border-collapse: collapse;
}

.c2 table td,
.c2 table th {
  padding: 1.6rem;
  border: 0.1rem solid #ddd;
}

.c0 {
  text-align: center;
  border-top: 1px solid #ddd;
}

.c0 a {
  color: inherit;
  -webkit-text-decoration: none;
  text-decoration: none;
}

.c0 .c1 {
  font-size: 1.6rem;
}

@media (max-width:768px) {
  .c2 {
    font-size: 2rem;
  }
}

<div>
  <footer
    class="c0"
  >
    <div
      class="c1 c2"
    >
      <h1>
        Ol√°
      </h1>
    </div>
  </footer>
</div>
`;
