// Jest Snapshot v1, https://goo.gl/fbAQLP

exports[`<Menu /> should match snapshot 1`] = `
.c6 {
  color: #000;
  line-height: 1.2;
  font-size: 2.4rem;
  font-weight: 900;
  text-transform: uppercase;
  text-align: center;
}

.c2 {
  background-color: #000;
  padding: 3.2rem;
  display: -webkit-box;
  display: -webkit-flex;
  display: -ms-flexbox;
  display: flex;
  -webkit-flex-direction: column;
  -ms-flex-direction: column;
  flex-direction: column;
  position: fixed;
  z-index: 1;
  width: 100%;
  max-width: 32rem;
  height: 100vh;
  top: 0;
  left: 0;
  overflow-y: auto;
  -webkit-transition: all 300ms ease-in-out;
  transition: all 300ms ease-in-out;
  left: -30rem;
}

.c2::-webkit-scrollbar {
  display: none;
}

.c3 {
  margin: auto;
  width: 100%;
}

.c4 .c5 {
  display: -webkit-box;
  display: -webkit-flex;
  display: -ms-flexbox;
  display: flex;
  -webkit-box-pack: center;
  -webkit-justify-content: center;
  -ms-flex-pack: center;
  justify-content: center;
  margin: 4rem 0;
}

.c4 .c5 img {
  border: 0.3rem solid #dc143c;
}

.c0 {
  position: fixed;
  top: 2.4rem;
  color: #fff;
  background-color: #000;
  z-index: 2;
  width: 3rem;
  height: 3rem;
  left: 26rem;
  -webkit-transition: all 300ms ease-in-out;
  transition: all 300ms ease-in-out;
  left: 1rem;
  color: #fff;
}

.c1 {
  display: inline-block;
  vertical-align: middle;
  overflow: hidden;
}

.c7 a {
  display: -webkit-box;
  display: -webkit-flex;
  display: -ms-flexbox;
  display: flex;
  -webkit-align-items: center;
  -webkit-box-align: center;
  -ms-flex-align: center;
  align-items: center;
  -webkit-text-decoration: none;
  text-decoration: none;
  color: inherit;
}

.c7 a > img {
  width: 15rem;
  border-radius: 50%;
}

.c8 a {
  display: block;
  color: #fff;
  -webkit-text-decoration: none;
  text-decoration: none;
  margin-bottom: 1.6rem;
  font-size: 1.8rem;
  border-right: 0 solid #000;
  -webkit-transition: all 300ms ease-in-out;
  transition: all 300ms ease-in-out;
}

.c8 a:hover {
  border-right: 0.5rem solid #dc143c;
  color: #dc143c;
}

@media (max-width:768px) {
  .c2 {
    left: -32rem;
  }
}

@media (max-width:768px) {
  .c0 {
    left: 0;
  }
}

<div>
  <a
    aria-label="Open or close menu"
    class="c0"
    href="#"
    title="Open or close menu"
  >
    <svg
      aria-hidden="true"
      aria-label="Open menu"
      class="c1"
      fill="currentColor"
      focusable="false"
      viewBox="0 0 24 24"
      xmlns="http://www.w3.org/2000/svg"
    >
      <path
        d="M3 18h18v-2H3v2zm0-5h18v-2H3v2zm0-7v2h18V6H3z"
      />
    </svg>
  </a>
  <div
    aria-hidden="true"
    class="c2"
  >
    <nav
      class="c3"
    >
      <div
        class="c4"
      >
        <h1
          class="c5 c6"
        >
          <div
            class="c7"
          >
            <a
              href="/"
              target="_self"
            >
              <img
                alt="Evandro Calado"
                src="https://res.cloudinary.com/dnhsdenji/image/upload/v1679924887/110628201_ae0753864b.jpg"
              />
            </a>
          </div>
        </h1>
      </div>
      <div
        class="c8"
      >
        <a
          href="/home/1"
          target="_self"
        >
          My jobs
        </a>
      </div>
      <div
        class="c8"
      >
        <a
          href="/home/2"
          target="_self"
        >
          About me
        </a>
      </div>
      <div
        class="c8"
      >
        <a
          href="/home/3"
          target="_self"
        >
          Services
        </a>
      </div>
      <div
        class="c8"
      >
        <a
          href="/home/4"
          target="_self"
        >
          External Link
        </a>
      </div>
      <div
        class="c8"
      >
        <a
          href="/home/5"
          target="_self"
        >
          JavaScript
        </a>
      </div>
      <div
        class="c8"
      >
        <a
          href="/home/6"
          target="_self"
        >
          Python
        </a>
      </div>
      <div
        class="c8"
      >
        <a
          href="/home/7"
          target="_self"
        >
          Consectetur
        </a>
      </div>
      <div
        class="c8"
      >
        <a
          href="/home/8"
          target="_self"
        >
          Text test
        </a>
      </div>
      <div
        class="c8"
      >
        <a
          href="/home/9"
          target="_self"
        >
          Pac-man
        </a>
      </div>
      <div
        class="c8"
      >
        <a
          href="/home/10"
          target="_self"
        >
          Star Wars
        </a>
      </div>
      <div
        class="c8"
      >
        <a
          href="/home/11"
          target="_self"
        >
          A menu
        </a>
      </div>
    </nav>
  </div>
</div>
`;
