// Jest Snapshot v1, https://goo.gl/fbAQLP

exports[`<Header /> should render an image, a heading and text 1`] = `
.c2 {
  color: #000;
  line-height: 1.2;
  font-size: 2.4rem;
  font-weight: 900;
  text-transform: uppercase;
  text-align: center;
}

.c5 {
  color: #000;
  line-height: 1.2;
  font-size: 2.4rem;
  font-weight: 900;
  text-transform: none;
  text-align: center;
}

.c3 {
  display: -webkit-box;
  display: -webkit-flex;
  display: -ms-flexbox;
  display: flex;
  -webkit-align-items: center;
  -webkit-box-align: center;
  -ms-flex-align: center;
  align-items: center;
  -webkit-text-decoration: none;
  text-decoration: none;
  color: inherit;
  padding: 2rem;
}

.c3 > img {
  width: 15rem;
  border-radius: 50%;
}

.c0 {
  display: -webkit-box;
  display: -webkit-flex;
  display: -ms-flexbox;
  display: flex;
  -webkit-align-items: center;
  -webkit-box-align: center;
  -ms-flex-align: center;
  align-items: center;
  -webkit-box-pack: center;
  -webkit-justify-content: center;
  -ms-flex-pack: center;
  justify-content: center;
  padding-bottom: 6.4rem;
  width: 100%;
  max-width: 96rem;
  color: #333;
  font-size: 1.6rem;
  margin: 0 auto;
}

.c0 .c1 {
  margin: 1.6rem 0;
  text-align: left;
}

.c4 {
  display: -webkit-box;
  display: -webkit-flex;
  display: -ms-flexbox;
  display: flex;
  -webkit-flex-flow: column wrap;
  -ms-flex-flow: column wrap;
  flex-flow: column wrap;
  margin-left: 3.2rem;
  max-width: 48rem;
}

<div>
  <header
    class="c0"
  >
    <h1
      class="c1 c2"
    >
      <a
        class="c3"
        href="https://github.com/EvandroCalado"
        target="_blank"
      >
        <img
          alt="Evandro Calado - Lorem ipsum dolor sit amet consectetur adipisicing elit. Unde harum optio, eius quia quas molestias ipsum modi sed ullam exercitationem."
          src="/assets/images/evandro.jpeg"
        />
      </a>
    </h1>
    <div
      class="c4"
    >
      <h2
        class="c1 c5"
      >
        Evandro Calado
      </h2>
      <p>
        Lorem ipsum dolor sit amet consectetur adipisicing elit. Unde harum optio, eius quia quas molestias ipsum modi sed ullam exercitationem.
      </p>
    </div>
  </header>
</div>
`;
