// Jest Snapshot v1, https://goo.gl/fbAQLP

exports[`<PostGrid /> should match snapshot 1`] = `
.c5 {
  color: #2a3840;
  line-height: 1.2;
  font-size: 2.4rem;
  font-weight: 900;
  text-transform: none;
  text-align: center;
}

.c2 .c4 {
  margin: 1.6rem 0;
}

.c2 a {
  -webkit-text-decoration: none;
  text-decoration: none;
  color: inherit;
  -webkit-transition: all 300ms ease-in-out;
  transition: all 300ms ease-in-out;
}

.c2:hover a {
  color: #f24b4b;
}

.c2:hover img {
  opacity: 0.8;
}

.c3 {
  max-width: 100%;
  -webkit-transition: opacity 300ms ease-in-out;
  transition: opacity 300ms ease-in-out;
}

.c0 {
  width: 100%;
}

.c1 {
  max-width: 120rem;
  margin: 0 auto;
  display: grid;
  grid-template-columns: repeat(auto-fill,minmax(28rem,1fr));
  gap: 3.2rem;
  padding: 3.2rem;
}

@media (max-width:360px) {
  .c1 {
    grid-template-columns: 1fr;
  }
}

<div>
  <div
    class="c0"
  >
    <div
      class="c1"
    >
      <div
        class="c2"
      >
        <a
          href="/post/desenvolvimento-de-aplicativos-web-escalaveis-com-next-js"
        >
          <img
            alt="Desenvolvimento de aplicativos web escaláveis com Next.js"
            class="c3"
            src="https://res.cloudinary.com/dnhsdenji/image/upload/v1679929576/twitter_card_f0df8b6a20.png"
          />
        </a>
        <h2
          class="c4 c5"
        >
          <a
            href="/post/desenvolvimento-de-aplicativos-web-escalaveis-com-next-js"
          >
            Desenvolvimento de aplicativos web escaláveis com Next.js
          </a>
        </h2>
        <p
          class=""
        >
          Se você está procurando um framework poderoso para desenvolver aplicativos web escaláveis, o Next.js pode ser a escolha certa para você. O Next.js é um framework baseado em React que oferece recursos avançados, como renderização no lado do servidor e roteamento dinâmico, para ajudá-lo a criar aplicativos web modernos e de alto desempenho. Neste post, exploraremos as principais características do Next.js e veremos como usá-lo para construir aplicativos web escaláveis.
        </p>
      </div>
      <div
        class="c2"
      >
        <a
          href="/post/o-que-e-node-js"
        >
          <img
            alt="O que é Node.js?"
            class="c3"
            src="https://res.cloudinary.com/dnhsdenji/image/upload/v1679626497/pexels_realtoughcandycom_11035380_d3c431dd33.jpg"
          />
        </a>
        <h2
          class="c4 c5"
        >
          <a
            href="/post/o-que-e-node-js"
          >
            O que é Node.js?
          </a>
        </h2>
        <p
          class=""
        >
          Node.js é uma plataforma de desenvolvimento de aplicações web que utiliza JavaScript do lado do servidor. Ele foi criado em 2009 por Ryan Dahl e desde então se tornou uma das tecnologias mais populares e utilizadas em desenvolvimento web.
        </p>
      </div>
      <div
        class="c2"
      >
        <a
          href="/post/introducao-ao-react"
        >
          <img
            alt="Introdução ao React"
            class="c3"
            src="https://res.cloudinary.com/dnhsdenji/image/upload/v1679625771/pexels_realtoughcandycom_11035471_127960d6fa.jpg"
          />
        </a>
        <h2
          class="c4 c5"
        >
          <a
            href="/post/introducao-ao-react"
          >
            Introdução ao React
          </a>
        </h2>
        <p
          class=""
        >
          React é uma biblioteca JavaScript de código aberto, mantida pelo Facebook, que é amplamente usada no desenvolvimento de interfaces de usuário. Com sua arquitetura baseada em componentes, o React permite criar interfaces reutilizáveis e escaláveis   de forma eficiente. Neste texto, vamos explorar os principais conceitos e recursos do React, incluindo seus principais benefícios e alguns exemplos de código.
        </p>
      </div>
    </div>
  </div>
</div>
`;
