// Jest Snapshot v1, https://goo.gl/fbAQLP

exports[`<MenuLink /> should render match snapshot 1`] = `
<a
  href="https://www.google.com.br"
  target="_self"
>
  Children
</a>
`;
