// Jest Snapshot v1, https://goo.gl/fbAQLP

exports[`<ArticleMeta /> should match snapshot 1`] = `
.c0 {
  font-size: 1.6rem;
  color: #aaa;
  font-style: italic;
}

.c0 .categories span:not(:last-child)::after {
  content: ', ';
}

.c0 span:first-child {
  margin-right: 0.5rem;
}

.c0 a {
  color: #dc143c;
  -webkit-text-decoration: none;
  text-decoration: none;
  -webkit-transition: all 300ms ease-in-out;
  transition: all 300ms ease-in-out;
}

.c0 a:hover {
  -webkit-filter: brightness(50%);
  filter: brightness(50%);
}

<div>
  <div
    class="c0"
  >
    <p>
      <span>
        Por
      </span>
      <a
        href="/author/evandro-calado"
      >
        Evandro Calado
      </a>
      <span
        class="separator"
      >
         | 
      </span>
      <time
        datetime="2023-03-27T17:22:39.749Z"
      >
        27 de mar. de 2023
      </time>
      <span
        class="separator"
      >
         | 
      </span>
      <span
        class="categories"
      >
        <span>
          <a
            href="/category/react"
          >
            React
          </a>
        </span>
        <span>
          <a
            href="/category/next"
          >
            Next
          </a>
        </span>
      </span>
    </p>
  </div>
</div>
`;

exports[
  `<ArticleMeta /> should match snapshot without author and categories 1`
] = `
.c0 {
  font-size: 1.6rem;
  color: #aaa;
  font-style: italic;
}

.c0 .categories span:not(:last-child)::after {
  content: ', ';
}

.c0 span:first-child {
  margin-right: 0.5rem;
}

.c0 a {
  color: #dc143c;
  -webkit-text-decoration: none;
  text-decoration: none;
  -webkit-transition: all 300ms ease-in-out;
  transition: all 300ms ease-in-out;
}

.c0 a:hover {
  -webkit-filter: brightness(50%);
  filter: brightness(50%);
}

<div>
  <div
    class="c0"
  >
    <p>
      <time
        datetime="2023-03-27T17:22:39.749Z"
      >
        27 de mar. de 2023
      </time>
    </p>
  </div>
</div>
`;
