// Jest Snapshot v1, https://goo.gl/fbAQLP

exports[`<GoTop /> should render a go to top button 1`] = `
.c0 {
  background-color: #f2f2f2;
  color: #2a3840;
  border: 1px solid #2a3840;
  border-radius: 50%;
  position: fixed;
  bottom: 2rem;
  right: 2rem;
  display: -webkit-box;
  display: -webkit-flex;
  display: -ms-flexbox;
  display: flex;
  -webkit-align-items: center;
  -webkit-box-align: center;
  -ms-flex-align: center;
  align-items: center;
  -webkit-box-pack: center;
  -webkit-justify-content: center;
  -ms-flex-pack: center;
  justify-content: center;
  width: 5rem;
  height: 5rem;
  z-index: 6;
  -webkit-text-decoration: none;
  text-decoration: none;
}

.c1 {
  display: inline-block;
  vertical-align: middle;
  overflow: hidden;
}

<div>
  <a
    aria-label="Go to top"
    class="c0"
    href="#"
    title="Go to top"
  >
    <svg
      aria-hidden="true"
      class="c1"
      fill="currentColor"
      focusable="false"
      viewBox="0 0 24 24"
      xmlns="http://www.w3.org/2000/svg"
    >
      <path
        d="M7.41 15.41 12 10.83l4.59 4.58L18 14l-6-6-6 6 1.41 1.41z"
      />
    </svg>
  </a>
</div>
`;
