// Jest Snapshot v1, https://goo.gl/fbAQLP

exports[`<PostTags /> should match snapshot 1`] = `
.c0 {
  margin: 3.2rem 0;
}

.c0 span:not(:last-child)::after {
  content: ', ';
}

.c0 a {
  color: #f24b4b;
  -webkit-text-decoration: none;
  text-decoration: none;
  -webkit-transition: all 300ms ease-in-out;
  transition: all 300ms ease-in-out;
}

.c0 a:hover {
  -webkit-filter: brightness(50%);
  filter: brightness(50%);
}

<div>
  <p
    class="c0"
  >
    Tags:
     
    <span>
      <a
        href="/tag/api"
      >
        api
      </a>
    </span>
    <span>
      <a
        href="/tag/node"
      >
        Node
      </a>
    </span>
    <span>
      <a
        href="/tag/javascript"
      >
        Javascript
      </a>
    </span>
  </p>
</div>
`;

exports[`<PostTags /> should render match snapshot with no tags 1`] = `<div />`;
