// Jest Snapshot v1, https://goo.gl/fbAQLP

exports[
  `<ArticleHeader /> should render heading, excerpt, cover, img and meta 1`
] = `
.c2 {
  color: #2a3840;
  line-height: 1.2;
  font-size: 6.4rem;
  font-weight: 900;
  text-transform: none;
  text-align: center;
}

.c0 {
  padding-bottom: 4rem;
  margin-bottom: 4rem;
  border-bottom: 0.1rem solid #ddd;
}

.c0 .c1 {
  margin: 0;
  margin-bottom: 2.4rem;
}

.c3 {
  margin: 2.4rem 0;
  font-size: 2.4rem;
}

.c4 {
  width: 100%;
  display: block;
  margin-bottom: 2.4rem;
}

.c5 {
  font-size: 1.6rem;
  color: #aaa;
  font-style: italic;
}

.c5 .categories span:not(:last-child)::after {
  content: ', ';
}

.c5 span:first-child {
  margin-right: 0.5rem;
}

.c5 a {
  color: #f24b4b;
  -webkit-text-decoration: none;
  text-decoration: none;
  -webkit-transition: all 300ms ease-in-out;
  transition: all 300ms ease-in-out;
}

.c5 a:hover {
  -webkit-filter: brightness(50%);
  filter: brightness(50%);
}

@media (max-width:768px) {
  .c2 {
    font-size: 4rem;
  }
}

@media (max-width:360px) {
  .c0 .c1 {
    font-size: 2.4rem;
  }
}

@media (max-width:360px) {
  .c3 {
    font-size: 1.6rem;
  }
}

<div>
  <header
    class="c0"
  >
    <h1
      class="c1 c2"
    >
      Desenvolvimento de aplicativos web escaláveis com Next.js
    </h1>
    <p
      class="c3"
    >
      Se você está procurando um framework poderoso para desenvolver aplicativos web escaláveis, o Next.js pode ser a escolha certa para você. O Next.js é um framework baseado em React que oferece recursos avançados, como renderização no lado do servidor e roteamento dinâmico, para ajudá-lo a criar aplicativos web modernos e de alto desempenho. Neste post, exploraremos as principais características do Next.js e veremos como usá-lo para construir aplicativos web escaláveis.
    </p>
    <img
      alt="Desenvolvimento de aplicativos web escaláveis com Next.js"
      class="c4"
      src="https://res.cloudinary.com/dnhsdenji/image/upload/v1679929576/twitter_card_f0df8b6a20.png"
    />
    <div
      class="c5"
    >
      <p>
        <span>
          Por
        </span>
        <a
          href="/author/evandro-calado"
        >
          Evandro Calado
        </a>
        <span
          class="separator"
        >
           | 
        </span>
        <time
          datetime="2023-03-27T17:22:39.749Z"
        >
          27 de mar. de 2023
        </time>
        <span
          class="separator"
        >
           | 
        </span>
        <span
          class="categories"
        >
          <span>
            <a
              href="/category/react"
            >
              React
            </a>
          </span>
          <span>
            <a
              href="/category/next"
            >
              Next
            </a>
          </span>
        </span>
      </p>
    </div>
  </header>
</div>
`;
